
> ampario-app-temp@0.1.0 build
> next build

Ôû▓ Next.js 16.1.6 (Turbopack)

  Creating an optimized production build ...
Ô£ô Compiled successfully in 5.6s
  Running TypeScript ...
node.exe : Failed to compile.
No linha:1 caractere:1
+ & "C:\Program Files\nodejs/node.exe" "C:\Program Files\nodejs/node_mo ...
+ ~~~~~~~~~~~~~~~~~~~~~~~~~~~~~~~~~~~~~~~~~~~~~~~~~~~~~~~~~~~~~~~~~~~~~
    + CategoryInfo          : NotSpecified: (Failed to compile.:String) [], Remot 
   eException
    + FullyQualifiedErrorId : NativeCommandError
 

./src/app/page.tsx:65:27
Type error: Type '{ hidden: { opacity: number; y: number; }; show: { opacity: 
number; y: number; transition: { duration: number; ease: string; }; }; }' is not 
assignable to type 'Variants'.
  Property 'show' is incompatible with index signature.
    Type '{ opacity: number; y: number; transition: { duration: number; ease: 
string; }; }' is not assignable to type 'Variant'.
      Type '{ opacity: number; y: number; transition: { duration: number; ease: 
string; }; }' is not assignable to type 'TargetAndTransition'.
        Type '{ opacity: number; y: number; transition: { duration: number; ease: 
string; }; }' is not assignable to type '{ transition?: Transition<any> | 
undefined; transitionEnd?: ResolvedValues$1 | undefined; }'.
          Types of property 'transition' are incompatible.
            Type '{ duration: number; ease: string; }' is not assignable to type 
'Transition<any> | undefined'.
              Type '{ duration: number; ease: string; }' is not assignable to 
type 'TransitionWithValueOverrides<any>'.
                Type '{ duration: number; ease: string; }' is not assignable to 
type 'ValueAnimationTransition<any>'.
                  Types of property 'ease' are incompatible.
                    Type 'string' is not assignable to type 'Easing | Easing[] | 
undefined'.

[0m [90m 63 |[39m               className[33m=[39m[32m"max-w-4xl mx-auto 
space-y-8"[39m
 [90m 64 |[39m             [33m>[39m
[31m[1m>[22m[39m[90m 65 |[39m               
[33m<[39m[33mmotion[39m[33m.[39mdiv variants[33m=[39m{item} 
className[33m=[39m[32m"inline-flex items-center gap-2 px-4 py-1.5 rounded-full 
bg-blue-500/10 border border-blue-500/20 backdrop-blur-sm"[39m[33m>[39m
 [90m    |[39m                           [31m[1m^[22m[39m
 [90m 66 |[39m                 [33m<[39m[33mspan[39m 
className[33m=[39m[32m"relative flex h-2 w-2"[39m[33m>[39m
 [90m 67 |[39m                   [33m<[39m[33mspan[39m 
className[33m=[39m[32m"animate-ping absolute inline-flex h-full w-full 
rounded-full bg-blue-400 
opacity-75"[39m[33m>[39m[33m<[39m[33m/[39m[33mspan[39m[33m>[39m
 [90m 68 |[39m                   [33m<[39m[33mspan[39m 
className[33m=[39m[32m"relative inline-flex rounded-full h-2 w-2 
bg-blue-500"[39m[33m>[39m[33m<[39m[33m/[39m[33mspan[39m[33m>[39m[0m
Next.js build worker exited with code: 1 and signal: null
